nohup: ignoring input
✔ Setting active project to "/home/yyx/R/Project/R_code/paper_SigBridgeR".
Registered S3 methods overwritten by 'Seqinfo':
  method                from        
  as.data.frame.Seqinfo GenomeInfoDb
  merge.Seqinfo         GenomeInfoDb
  summary.Seqinfo       GenomeInfoDb
Warning in asMethod(object) :
  sparse->dense coercion: allocating vector of size 2.8 GiB
ℹ GSVA version 2.2.1
ℹ Using a MulticoreParam parallel back-end with 4 workers
ℹ Calculating  ssGSEA scores for 100 gene sets
ℹ Calculating ranks
ℹ Calculating rank weights
ℹ Normalizing ssGSEA scores
✔ Calculations finished

── Finish ──────────────────────────────────────────────────────────────────────
            used   (Mb) gc trigger    (Mb)   max used    (Mb)
Ncells  11286976  602.8   17557411   937.7   17557411   937.7
Vcells 933956298 7125.6 2418847636 18454.4 2088916238 15937.2
