nohup: ignoring input
✔ Setting active project to "/home/yyx/R/Project/R_code/paper_SigBridgeR".

Attaching package: ‘dplyr’

The following objects are masked from ‘package:stats’:

    filter, lag

The following objects are masked from ‘package:base’:

    intersect, setdiff, setequal, union

✔ SigBridgeR v3.6.1 loaded
ℹ bulk data loaded: dim = (53677 and 1210)
ℹ pheno data loaded: 1~tumor, 0~normal
pheno_bi
   0    1 
 113 1090 
  OpenMP version (_OPENMP)       201511
  omp_get_num_procs()            192
  R_DATATABLE_NUM_PROCS_PERCENT  unset (default 50)
  R_DATATABLE_NUM_THREADS        unset
  R_DATATABLE_THROTTLE           unset (default 1024)
  omp_get_thread_limit()         2147483647
  omp_get_max_threads()          192
  OMP_THREAD_LIMIT               unset
  OMP_NUM_THREADS                8
  RestoreAfterFork               true
  data.table is using 8 threads with throttle==1024. See ?setDTthreads.

── System-Level Configuration ──

• OMP_NUM_THREADS: unset -> 8
• data.table: 96 -> 8

── TensorFlow Configuration ──

• TF_XLA_FLAGS: unset -> --tf_xla_auto_jit=2 --tf_xla_cpu_global_jit
• TF_XLA_CPU_GLOBAL_JIT: unset -> 1
• TF_NUM_INTEROP_THREADS: unset -> 8
• TF_NUM_INTRAOP_THREADS: unset -> 8
ℹ Found degas_label_mat1_part1.csv, skip
ℹ Found degas_label_mat1_part2.csv, skip
ℹ Found degas_label_mat1_part3.csv, skip
