nohup: ignoring input
✔ Setting active project to "/home/yyx/R/Project/R_code/paper_SigBridgeR".

Attaching package: ‘dplyr’

The following objects are masked from ‘package:stats’:

    filter, lag

The following objects are masked from ‘package:base’:

    intersect, setdiff, setequal, union

✔ SigBridgeR v3.6.1 loaded
ℹ bulk data loaded: dim = (53677 and 1210)
ℹ pheno data loaded: 1~tumor, 0~normal
pheno_bi
   0    1 
 113 1090 

── 1 / 51 ──────────────────────────────────────────────────────────────────────
ℹ [2026/07/29 08:21:05] Starting LP-SGL screen
ℹ [2026/07/29 08:21:05] Fetch graph from Seurat object
ℹ [2026/07/29 08:21:05] Run Leiden clustering
Warning in asMethod(object) :
  sparse->dense coercion: allocating vector of size 2.8 GiB
ℹ [2026/07/29 08:21:18] Calculating correlation matrix...
ℹ [2026/07/29 08:21:31] Fitting SGL model with alpha = 0.0019, this may take a while
Warning in Sol$intercept : partial match of 'intercept' to 'intercepts'
ℹ [2026/07/29 09:09:27] Running 20-fold cross-validation
