nohup: ignoring input
✔ Setting active project to "/home/yyx/R/Project/R_code/paper_SigBridgeR".

Attaching package: ‘dplyr’

The following objects are masked from ‘package:stats’:

    filter, lag

The following objects are masked from ‘package:base’:

    intersect, setdiff, setequal, union

ℹ bulk data loaded: dim = (53677 and 1210)
ℹ pheno data loaded: 1~tumor, 0~normal
pheno_bi
   0    1 
 113 1090 
  OpenMP version (_OPENMP)       201511
  omp_get_num_procs()            192
  R_DATATABLE_NUM_PROCS_PERCENT  unset (default 50)
  R_DATATABLE_NUM_THREADS        unset
  R_DATATABLE_THROTTLE           unset (default 1024)
  omp_get_thread_limit()         2147483647
  omp_get_max_threads()          192
  OMP_THREAD_LIMIT               unset
  OMP_NUM_THREADS                4
  RestoreAfterFork               true
  data.table is using 4 threads with throttle==1024. See ?setDTthreads.

── System-Level Configuration ──

• OMP_NUM_THREADS: unset -> 4
• data.table: 96 -> 4

── TensorFlow Configuration ──

• TF_XLA_FLAGS: unset -> --tf_xla_auto_jit=2 --tf_xla_cpu_global_jit
• TF_XLA_CPU_GLOBAL_JIT: unset -> 1
• TF_NUM_INTEROP_THREADS: unset -> 2
• TF_NUM_INTRAOP_THREADS: unset -> 1
ℹ  Using "RNA_snn" graph for network.
ℹ [2026/09/04 19:48:15] Calculating L, D and A
ℹ [2026/09/04 19:48:21] Normalizing quantiles of data
Warning in asMethod(object) :
  sparse->dense coercion: allocating vector of size 2.9 GiB
ℹ [2026/09/04 19:49:21] Calculating correlation
ℹ [2026/09/04 19:49:34] Guanranking

── 1 / 51 ──────────────────────────────────────────────────────────────────────
→ cache found, loading...

── 2 / 51 ──────────────────────────────────────────────────────────────────────
→ cache found, loading...

── 3 / 51 ──────────────────────────────────────────────────────────────────────
→ cache found, loading...

── 4 / 51 ──────────────────────────────────────────────────────────────────────
→ cache found, loading...

── 5 / 51 ──────────────────────────────────────────────────────────────────────
→ cache found, loading...

── 6 / 51 ──────────────────────────────────────────────────────────────────────
→ cache found, loading...

── 7 / 51 ──────────────────────────────────────────────────────────────────────
→ cache found, loading...

── 8 / 51 ──────────────────────────────────────────────────────────────────────
→ cache found, loading...

── 9 / 51 ──────────────────────────────────────────────────────────────────────
→ cache found, loading...

── 10 / 51 ─────────────────────────────────────────────────────────────────────
→ cache found, loading...

── 11 / 51 ─────────────────────────────────────────────────────────────────────
→ cache found, loading...

── 12 / 51 ─────────────────────────────────────────────────────────────────────
→ cache found, loading...

── 13 / 51 ─────────────────────────────────────────────────────────────────────
→ cache found, loading...

── 14 / 51 ─────────────────────────────────────────────────────────────────────
→ cache found, loading...

── 15 / 51 ─────────────────────────────────────────────────────────────────────
→ cache found, loading...

── 16 / 51 ─────────────────────────────────────────────────────────────────────
→ cache found, loading...

── 17 / 51 ─────────────────────────────────────────────────────────────────────
→ cache found, loading...

── 18 / 51 ─────────────────────────────────────────────────────────────────────
→ cache found, loading...

── 19 / 51 ─────────────────────────────────────────────────────────────────────
→ cache found, loading...

── 20 / 51 ─────────────────────────────────────────────────────────────────────
→ cache found, loading...

── 21 / 51 ─────────────────────────────────────────────────────────────────────
→ cache found, loading...

── 22 / 51 ─────────────────────────────────────────────────────────────────────
→ cache found, loading...

── 23 / 51 ─────────────────────────────────────────────────────────────────────
→ cache found, loading...

── 24 / 51 ─────────────────────────────────────────────────────────────────────
→ cache found, loading...

── 25 / 51 ─────────────────────────────────────────────────────────────────────
→ cache found, loading...

── 26 / 51 ─────────────────────────────────────────────────────────────────────
→ cache found, loading...

── 27 / 51 ─────────────────────────────────────────────────────────────────────
→ cache found, loading...

── 28 / 51 ─────────────────────────────────────────────────────────────────────
→ cache found, loading...

── 29 / 51 ─────────────────────────────────────────────────────────────────────
→ cache found, loading...

── 30 / 51 ─────────────────────────────────────────────────────────────────────
→ cache found, loading...

── 31 / 51 ─────────────────────────────────────────────────────────────────────
→ cache found, loading...

── 32 / 51 ─────────────────────────────────────────────────────────────────────
→ cache found, loading...

── 33 / 51 ─────────────────────────────────────────────────────────────────────
→ cache found, loading...

── 34 / 51 ─────────────────────────────────────────────────────────────────────
→ cache found, loading...

── 35 / 51 ─────────────────────────────────────────────────────────────────────
→ cache found, loading...

── 36 / 51 ─────────────────────────────────────────────────────────────────────
→ cache found, loading...

── 37 / 51 ─────────────────────────────────────────────────────────────────────
→ cache found, loading...

── 38 / 51 ─────────────────────────────────────────────────────────────────────
→ cache found, loading...

── 39 / 51 ─────────────────────────────────────────────────────────────────────
→ cache found, loading...

── 40 / 51 ─────────────────────────────────────────────────────────────────────
→ cache found, loading...

── 41 / 51 ─────────────────────────────────────────────────────────────────────
loss of 2: 0.0368605
loss of 3: 0.021679
loss of 4: 0.0146807
loss of 5: 0.0121055
loss of 6: 0.00976027
loss of 7: 0.00792142
loss of 8: 0.00639386
loss of 9: 0.00560166
Warning in multimode::locmodes(x, mod0 = 2) :
  If the density function has an unbounded support, artificial modes may have been created in the tails
Warning in multimode::locmodes(x, mod0 = 2) :
  If the density function has an unbounded support, artificial modes may have been created in the tails
Warning in multimode::locmodes(x, mod0 = 2) :
  If the density function has an unbounded support, artificial modes may have been created in the tails
Warning in multimode::locmodes(x, mod0 = 2) :
  If the density function has an unbounded support, artificial modes may have been created in the tails
Warning in multimode::locmodes(x, mod0 = 2) :
  If the density function has an unbounded support, artificial modes may have been created in the tails
Warning in multimode::locmodes(x, mod0 = 2) :
  If the density function has an unbounded support, artificial modes may have been created in the tails
Warning in multimode::locmodes(x, mod0 = 2) :
  If the density function has an unbounded support, artificial modes may have been created in the tails
Warning in multimode::locmodes(x, mod0 = 2) :
  If the density function has an unbounded support, artificial modes may have been created in the tails

── 42 / 51 ─────────────────────────────────────────────────────────────────────
loss of 2: 0.0368618
loss of 3: 0.0216852
loss of 4: 0.0151445
loss of 5: 0.0122567
loss of 6: 0.00998615
loss of 7: 0.00801095
loss of 8: 0.00670395
Warning in multimode::locmodes(x, mod0 = 2) :
  If the density function has an unbounded support, artificial modes may have been created in the tails
Warning in multimode::locmodes(x, mod0 = 2) :
  If the density function has an unbounded support, artificial modes may have been created in the tails
Warning in multimode::locmodes(x, mod0 = 2) :
  If the density function has an unbounded support, artificial modes may have been created in the tails
Warning in multimode::locmodes(x, mod0 = 2) :
  If the density function has an unbounded support, artificial modes may have been created in the tails
Warning in multimode::locmodes(x, mod0 = 2) :
  If the density function has an unbounded support, artificial modes may have been created in the tails
Warning in multimode::locmodes(x, mod0 = 2) :
  If the density function has an unbounded support, artificial modes may have been created in the tails
Warning in multimode::locmodes(x, mod0 = 2) :
  If the density function has an unbounded support, artificial modes may have been created in the tails

── 43 / 51 ─────────────────────────────────────────────────────────────────────
loss of 2: 0.0368589
loss of 3: 0.0216833
loss of 4: 0.0146026
loss of 5: 0.0122538
loss of 6: 0.00998743
loss of 7: 0.00808678
loss of 8: 0.00642503
loss of 9: 0.00554728
Warning in multimode::locmodes(x, mod0 = 2) :
  If the density function has an unbounded support, artificial modes may have been created in the tails
Warning in multimode::locmodes(x, mod0 = 2) :
  If the density function has an unbounded support, artificial modes may have been created in the tails
Warning in multimode::locmodes(x, mod0 = 2) :
  If the density function has an unbounded support, artificial modes may have been created in the tails
Warning in multimode::locmodes(x, mod0 = 2) :
  If the density function has an unbounded support, artificial modes may have been created in the tails
Warning in multimode::locmodes(x, mod0 = 2) :
  If the density function has an unbounded support, artificial modes may have been created in the tails
Warning in multimode::locmodes(x, mod0 = 2) :
  If the density function has an unbounded support, artificial modes may have been created in the tails
Warning in multimode::locmodes(x, mod0 = 2) :
  If the density function has an unbounded support, artificial modes may have been created in the tails
Warning in multimode::locmodes(x, mod0 = 2) :
  If the density function has an unbounded support, artificial modes may have been created in the tails

── 44 / 51 ─────────────────────────────────────────────────────────────────────
loss of 2: 0.0368613
loss of 3: 0.0216771
loss of 4: 0.0146212
loss of 5: 0.0121274
loss of 6: 0.00995066
loss of 7: 0.00808204
loss of 8: 0.00657285
Warning in multimode::locmodes(x, mod0 = 2) :
  If the density function has an unbounded support, artificial modes may have been created in the tails
Warning in multimode::locmodes(x, mod0 = 2) :
  If the density function has an unbounded support, artificial modes may have been created in the tails
Warning in multimode::locmodes(x, mod0 = 2) :
  If the density function has an unbounded support, artificial modes may have been created in the tails
Warning in multimode::locmodes(x, mod0 = 2) :
  If the density function has an unbounded support, artificial modes may have been created in the tails
Warning in multimode::locmodes(x, mod0 = 2) :
  If the density function has an unbounded support, artificial modes may have been created in the tails
Warning in multimode::locmodes(x, mod0 = 2) :
  If the density function has an unbounded support, artificial modes may have been created in the tails
Warning in multimode::locmodes(x, mod0 = 2) :
  If the density function has an unbounded support, artificial modes may have been created in the tails

── 45 / 51 ─────────────────────────────────────────────────────────────────────
loss of 2: 0.0368598
loss of 3: 0.0217208
loss of 4: 0.0146331
loss of 5: 0.0121751
loss of 6: 0.00985569
loss of 7: 0.00815649
loss of 8: 0.0062983
loss of 9: 0.00538492
Warning in multimode::locmodes(x, mod0 = 2) :
  If the density function has an unbounded support, artificial modes may have been created in the tails
Warning in multimode::locmodes(x, mod0 = 2) :
  If the density function has an unbounded support, artificial modes may have been created in the tails
Warning in multimode::locmodes(x, mod0 = 2) :
  If the density function has an unbounded support, artificial modes may have been created in the tails
Warning in multimode::locmodes(x, mod0 = 2) :
  If the density function has an unbounded support, artificial modes may have been created in the tails
Warning in multimode::locmodes(x, mod0 = 2) :
  If the density function has an unbounded support, artificial modes may have been created in the tails
Warning in multimode::locmodes(x, mod0 = 2) :
  If the density function has an unbounded support, artificial modes may have been created in the tails
Warning in multimode::locmodes(x, mod0 = 2) :
  If the density function has an unbounded support, artificial modes may have been created in the tails
Warning in multimode::locmodes(x, mod0 = 2) :
  If the density function has an unbounded support, artificial modes may have been created in the tails

── 46 / 51 ─────────────────────────────────────────────────────────────────────
loss of 2: 0.0368583
loss of 3: 0.0217005
loss of 4: 0.0145824
loss of 5: 0.0121438
loss of 6: 0.00986372
loss of 7: 0.00799408
loss of 8: 0.00647159
loss of 9: 0.00544452
Warning in multimode::locmodes(x, mod0 = 2) :
  If the density function has an unbounded support, artificial modes may have been created in the tails
Warning in multimode::locmodes(x, mod0 = 2) :
  If the density function has an unbounded support, artificial modes may have been created in the tails
Warning in multimode::locmodes(x, mod0 = 2) :
  If the density function has an unbounded support, artificial modes may have been created in the tails
Warning in multimode::locmodes(x, mod0 = 2) :
  If the density function has an unbounded support, artificial modes may have been created in the tails
Warning in multimode::locmodes(x, mod0 = 2) :
  If the density function has an unbounded support, artificial modes may have been created in the tails
Warning in multimode::locmodes(x, mod0 = 2) :
  If the density function has an unbounded support, artificial modes may have been created in the tails
Warning in multimode::locmodes(x, mod0 = 2) :
  If the density function has an unbounded support, artificial modes may have been created in the tails
Warning in multimode::locmodes(x, mod0 = 2) :
  If the density function has an unbounded support, artificial modes may have been created in the tails

── 47 / 51 ─────────────────────────────────────────────────────────────────────
loss of 2: 0.036865
loss of 3: 0.0217045
loss of 4: 0.0145528
loss of 5: 0.0121027
loss of 6: 0.00976747
loss of 7: 0.00796158
loss of 8: 0.00641416
loss of 9: 0.0054703
Warning in multimode::locmodes(x, mod0 = 2) :
  If the density function has an unbounded support, artificial modes may have been created in the tails
Warning in multimode::locmodes(x, mod0 = 2) :
  If the density function has an unbounded support, artificial modes may have been created in the tails
Warning in multimode::locmodes(x, mod0 = 2) :
  If the density function has an unbounded support, artificial modes may have been created in the tails
Warning in multimode::locmodes(x, mod0 = 2) :
  If the density function has an unbounded support, artificial modes may have been created in the tails
Warning in multimode::locmodes(x, mod0 = 2) :
  If the density function has an unbounded support, artificial modes may have been created in the tails
Warning in multimode::locmodes(x, mod0 = 2) :
  If the density function has an unbounded support, artificial modes may have been created in the tails
Warning in multimode::locmodes(x, mod0 = 2) :
  If the density function has an unbounded support, artificial modes may have been created in the tails
Warning in multimode::locmodes(x, mod0 = 2) :
  If the density function has an unbounded support, artificial modes may have been created in the tails

── 48 / 51 ─────────────────────────────────────────────────────────────────────
loss of 2: 0.036861
loss of 3: 0.021702
loss of 4: 0.0145705
loss of 5: 0.0122689
loss of 6: 0.00985087
loss of 7: 0.00808109
loss of 8: 0.00654963
loss of 9: 0.00542743
Warning in multimode::locmodes(x, mod0 = 2) :
  If the density function has an unbounded support, artificial modes may have been created in the tails
Warning in multimode::locmodes(x, mod0 = 2) :
  If the density function has an unbounded support, artificial modes may have been created in the tails
Warning in multimode::locmodes(x, mod0 = 2) :
  If the density function has an unbounded support, artificial modes may have been created in the tails
Warning in multimode::locmodes(x, mod0 = 2) :
  If the density function has an unbounded support, artificial modes may have been created in the tails
Warning in multimode::locmodes(x, mod0 = 2) :
  If the density function has an unbounded support, artificial modes may have been created in the tails
Warning in multimode::locmodes(x, mod0 = 2) :
  If the density function has an unbounded support, artificial modes may have been created in the tails
Warning in multimode::locmodes(x, mod0 = 2) :
  If the density function has an unbounded support, artificial modes may have been created in the tails
Warning in multimode::locmodes(x, mod0 = 2) :
  If the density function has an unbounded support, artificial modes may have been created in the tails

── 49 / 51 ─────────────────────────────────────────────────────────────────────
loss of 2: 0.0368598
loss of 3: 0.0217208
loss of 4: 0.0146331
loss of 5: 0.0121751
loss of 6: 0.00985569
loss of 7: 0.00815649
loss of 8: 0.0062983
loss of 9: 0.00538492
Warning in multimode::locmodes(x, mod0 = 2) :
  If the density function has an unbounded support, artificial modes may have been created in the tails
Warning in multimode::locmodes(x, mod0 = 2) :
  If the density function has an unbounded support, artificial modes may have been created in the tails
Warning in multimode::locmodes(x, mod0 = 2) :
  If the density function has an unbounded support, artificial modes may have been created in the tails
Warning in multimode::locmodes(x, mod0 = 2) :
  If the density function has an unbounded support, artificial modes may have been created in the tails
Warning in multimode::locmodes(x, mod0 = 2) :
  If the density function has an unbounded support, artificial modes may have been created in the tails
Warning in multimode::locmodes(x, mod0 = 2) :
  If the density function has an unbounded support, artificial modes may have been created in the tails
Warning in multimode::locmodes(x, mod0 = 2) :
  If the density function has an unbounded support, artificial modes may have been created in the tails
Warning in multimode::locmodes(x, mod0 = 2) :
  If the density function has an unbounded support, artificial modes may have been created in the tails

── 50 / 51 ─────────────────────────────────────────────────────────────────────
loss of 2: 0.0368613
loss of 3: 0.0216771
loss of 4: 0.0146212
loss of 5: 0.0121274
loss of 6: 0.00995066
loss of 7: 0.00808204
loss of 8: 0.00657285
Warning in multimode::locmodes(x, mod0 = 2) :
  If the density function has an unbounded support, artificial modes may have been created in the tails
Warning in multimode::locmodes(x, mod0 = 2) :
  If the density function has an unbounded support, artificial modes may have been created in the tails
Warning in multimode::locmodes(x, mod0 = 2) :
  If the density function has an unbounded support, artificial modes may have been created in the tails
Warning in multimode::locmodes(x, mod0 = 2) :
  If the density function has an unbounded support, artificial modes may have been created in the tails
Warning in multimode::locmodes(x, mod0 = 2) :
  If the density function has an unbounded support, artificial modes may have been created in the tails
Warning in multimode::locmodes(x, mod0 = 2) :
  If the density function has an unbounded support, artificial modes may have been created in the tails
Warning in multimode::locmodes(x, mod0 = 2) :
  If the density function has an unbounded support, artificial modes may have been created in the tails

── 51 / 51 ─────────────────────────────────────────────────────────────────────
loss of 2: 0.036861
loss of 3: 0.021702
loss of 4: 0.0145705
loss of 5: 0.0122689
loss of 6: 0.00985087
loss of 7: 0.00808109
loss of 8: 0.00654963
loss of 9: 0.00542743
Warning in multimode::locmodes(x, mod0 = 2) :
  If the density function has an unbounded support, artificial modes may have been created in the tails
Warning in multimode::locmodes(x, mod0 = 2) :
  If the density function has an unbounded support, artificial modes may have been created in the tails
Warning in multimode::locmodes(x, mod0 = 2) :
  If the density function has an unbounded support, artificial modes may have been created in the tails
Warning in multimode::locmodes(x, mod0 = 2) :
  If the density function has an unbounded support, artificial modes may have been created in the tails
Warning in multimode::locmodes(x, mod0 = 2) :
  If the density function has an unbounded support, artificial modes may have been created in the tails
Warning in multimode::locmodes(x, mod0 = 2) :
  If the density function has an unbounded support, artificial modes may have been created in the tails
Warning in multimode::locmodes(x, mod0 = 2) :
  If the density function has an unbounded support, artificial modes may have been created in the tails
Warning in multimode::locmodes(x, mod0 = 2) :
  If the density function has an unbounded support, artificial modes may have been created in the tails
✔ (1) scab random search completed.
