nohup: ignoring input
✔ Setting active project to "/home/yyx/R/Project/R_code/paper_SigBridgeR".

Attaching package: ‘dplyr’

The following objects are masked from ‘package:stats’:

    filter, lag

The following objects are masked from ‘package:base’:

    intersect, setdiff, setequal, union

ℹ bulk data loaded: dim = (53677 and 1210)
ℹ pheno data loaded: 1~tumor, 0~normal
pheno_bi
   0    1 
 113 1090 
ℹ [2026/07/30 09:15:15] Scissor start...
ℹ [2026/07/30 09:15:15] Loading data from 'TCGA_BRCA_tpm_her2_scissor_cache.RData'
ℹ [2026/07/30 09:15:58] Screening...

── At alpha = 0.001 ──

Scissor identified 11737 Scissor+ cells and 12627 Scissor- cells.
The percentage of selected cell is: 76.443%

── At alpha = 0.05 ──

Scissor identified 4665 Scissor+ cells and 2553 Scissor- cells.
The percentage of selected cell is: 22.647%

── At alpha = 0.1 ──

Scissor identified 3096 Scissor+ cells and 1613 Scissor- cells.
The percentage of selected cell is: 14.775%

── At alpha = 0.15 ──

Scissor identified 2297 Scissor+ cells and 1200 Scissor- cells.
The percentage of selected cell is: 10.972%

── At alpha = 0.2 ──

Scissor identified 1831 Scissor+ cells and 937 Scissor- cells.
The percentage of selected cell is: 8.685%

── At alpha = 0.25 ──

Scissor identified 1528 Scissor+ cells and 778 Scissor- cells.
The percentage of selected cell is: 7.235%

── At alpha = 0.3 ──

Scissor identified 1255 Scissor+ cells and 660 Scissor- cells.
The percentage of selected cell is: 6.008%

── At alpha = 0.35 ──

Scissor identified 1047 Scissor+ cells and 566 Scissor- cells.
The percentage of selected cell is: 5.061%

── At alpha = 0.4 ──

Scissor identified 890 Scissor+ cells and 488 Scissor- cells.
The percentage of selected cell is: 4.324%
ℹ [2026/07/30 11:15:38] Scissor Ended.
ℹ [2026/07/30 11:15:38] Scissor start...
ℹ [2026/07/30 11:15:38] Loading data from 'TCGA_BRCA_tpm_her2_scissor_cache.RData'
ℹ [2026/07/30 11:16:23] Screening...

── At alpha = 0.001 ──

Scissor identified 11737 Scissor+ cells and 12627 Scissor- cells.
The percentage of selected cell is: 76.443%

── At alpha = 0.05 ──

Scissor identified 4665 Scissor+ cells and 2553 Scissor- cells.
The percentage of selected cell is: 22.647%

── At alpha = 0.1 ──

Scissor identified 3096 Scissor+ cells and 1613 Scissor- cells.
The percentage of selected cell is: 14.775%

── At alpha = 0.15 ──

Scissor identified 2297 Scissor+ cells and 1200 Scissor- cells.
The percentage of selected cell is: 10.972%

── At alpha = 0.2 ──

Scissor identified 1831 Scissor+ cells and 937 Scissor- cells.
The percentage of selected cell is: 8.685%
ℹ [2026/07/30 12:21:58] Scissor Ended.
ℹ [2026/07/30 12:21:58] Scissor start...
ℹ [2026/07/30 12:21:58] Loading data from 'TCGA_BRCA_tpm_her2_scissor_cache.RData'
ℹ [2026/07/30 12:22:43] Screening...

── At alpha = 0.001 ──

Scissor identified 11737 Scissor+ cells and 12627 Scissor- cells.
The percentage of selected cell is: 76.443%

── At alpha = 0.05 ──

Scissor identified 4665 Scissor+ cells and 2553 Scissor- cells.
The percentage of selected cell is: 22.647%

── At alpha = 0.1 ──

Scissor identified 3096 Scissor+ cells and 1613 Scissor- cells.
The percentage of selected cell is: 14.775%
ℹ [2026/07/30 13:00:52] Scissor Ended.
ℹ [2026/07/30 13:00:52] Scissor start...
ℹ [2026/07/30 13:00:52] Loading data from 'TCGA_BRCA_tpm_her2_scissor_cache.RData'
ℹ [2026/07/30 13:01:38] Screening...

── At alpha = 0.001 ──

Scissor identified 11737 Scissor+ cells and 12627 Scissor- cells.
The percentage of selected cell is: 76.443%

── At alpha = 0.05 ──

Scissor identified 4665 Scissor+ cells and 2553 Scissor- cells.
The percentage of selected cell is: 22.647%

── At alpha = 0.1 ──

Scissor identified 3096 Scissor+ cells and 1613 Scissor- cells.
The percentage of selected cell is: 14.775%
ℹ [2026/07/30 13:40:03] Scissor Ended.
ℹ [2026/07/30 13:40:03] Scissor start...
ℹ [2026/07/30 13:40:03] Loading data from 'TCGA_BRCA_tpm_her2_scissor_cache.RData'
ℹ [2026/07/30 13:40:47] Screening...

── At alpha = 0.001 ──

Scissor identified 11737 Scissor+ cells and 12627 Scissor- cells.
The percentage of selected cell is: 76.443%

── At alpha = 0.05 ──

Scissor identified 4665 Scissor+ cells and 2553 Scissor- cells.
The percentage of selected cell is: 22.647%
ℹ [2026/07/30 14:05:50] Scissor Ended.
ℹ [2026/07/30 14:05:50] Scissor start...
ℹ [2026/07/30 14:05:50] Loading data from 'TCGA_BRCA_tpm_her2_scissor_cache.RData'
ℹ [2026/07/30 14:06:33] Screening...

── At alpha = 0.001 ──

Scissor identified 11737 Scissor+ cells and 12627 Scissor- cells.
The percentage of selected cell is: 76.443%

── At alpha = 0.05 ──

Scissor identified 4665 Scissor+ cells and 2553 Scissor- cells.
The percentage of selected cell is: 22.647%
ℹ [2026/07/30 14:31:34] Scissor Ended.
ℹ [2026/07/30 14:31:34] Scissor start...
ℹ [2026/07/30 14:31:34] Loading data from 'TCGA_BRCA_tpm_her2_scissor_cache.RData'
ℹ [2026/07/30 14:32:18] Screening...

── At alpha = 0.001 ──

Scissor identified 11737 Scissor+ cells and 12627 Scissor- cells.
The percentage of selected cell is: 76.443%

── At alpha = 0.05 ──

Scissor identified 4665 Scissor+ cells and 2553 Scissor- cells.
The percentage of selected cell is: 22.647%
ℹ [2026/07/30 14:57:15] Scissor Ended.
ℹ [2026/07/30 14:57:15] Scissor start...
ℹ [2026/07/30 14:57:15] Loading data from 'TCGA_BRCA_tpm_her2_scissor_cache.RData'
ℹ [2026/07/30 14:57:59] Screening...

── At alpha = 0.001 ──

Scissor identified 11737 Scissor+ cells and 12627 Scissor- cells.
The percentage of selected cell is: 76.443%

── At alpha = 0.05 ──

Scissor identified 4665 Scissor+ cells and 2553 Scissor- cells.
The percentage of selected cell is: 22.647%
ℹ [2026/07/30 15:22:54] Scissor Ended.
ℹ [2026/07/30 15:22:54] Scissor start...
ℹ [2026/07/30 15:22:54] Loading data from 'TCGA_BRCA_tpm_her2_scissor_cache.RData'
ℹ [2026/07/30 15:23:38] Screening...

── At alpha = 0.001 ──

Scissor identified 11737 Scissor+ cells and 12627 Scissor- cells.
The percentage of selected cell is: 76.443%

── At alpha = 0.05 ──

Scissor identified 4665 Scissor+ cells and 2553 Scissor- cells.
The percentage of selected cell is: 22.647%
ℹ [2026/07/30 15:48:20] Scissor Ended.
ℹ [2026/07/30 15:48:20] Scissor start...
ℹ [2026/07/30 15:48:20] Loading data from 'TCGA_BRCA_tpm_her2_scissor_cache.RData'
ℹ [2026/07/30 15:49:07] Screening...

── At alpha = 0.001 ──

Scissor identified 11737 Scissor+ cells and 12627 Scissor- cells.
The percentage of selected cell is: 76.443%

── At alpha = 0.05 ──

Scissor identified 4665 Scissor+ cells and 2553 Scissor- cells.
The percentage of selected cell is: 22.647%
ℹ [2026/07/30 16:14:37] Scissor Ended.
ℹ scissor_label_mat saved
