nohup: ignoring input
✔ Setting active project to "/home/yyx/R/Project/R_code/paper_SigBridgeR".

Attaching package: ‘dplyr’

The following objects are masked from ‘package:stats’:

    filter, lag

The following objects are masked from ‘package:base’:

    intersect, setdiff, setequal, union

ℹ bulk data loaded: dim = (53677 and 1210)
ℹ pheno data loaded: 1~tumor, 0~normal
pheno_bi
   0    1 
 113 1090 

── 1 / 51 ──────────────────────────────────────────────────────────────────────
ℹ [2026/07/30 09:08:01] Start scPP screening.
ℹ [2026/07/30 09:08:01] Finding overall markers...
ℹ [2026/07/30 09:08:07] Screening...
ℹ [2026/07/30 09:08:07] Running fixed threshold mode with prob = 0.13
ℹ [2026/07/30 09:08:08] Computing AUC scores...
Registered S3 methods overwritten by 'Seqinfo':
  method                from        
  as.data.frame.Seqinfo GenomeInfoDb
  merge.Seqinfo         GenomeInfoDb
  summary.Seqinfo       GenomeInfoDb
Genes in the gene sets NOT available in the dataset: 
	gene_pos: 	2427 (33% of 7429)
	gene_neg: 	4113 (50% of 8170)
✔ [2026/07/30 09:08:47] Classified 3274 Positive, 3381 Negative cells
ℹ [2026/07/30 09:08:47] Finding markers between `Positive` and `Negative` group...
✔ [2026/07/30 09:08:52] Found 2381 positive markers, 2100 negative markers
✔ [2026/07/30 09:08:52] scPP screening done.

── 2 / 51 ──────────────────────────────────────────────────────────────────────
ℹ [2026/07/30 09:08:54] Start scPP screening.
ℹ [2026/07/30 09:08:54] Finding overall markers...
ℹ [2026/07/30 09:08:58] Screening...
! scPP result is not complete, maybe not suitable for this parameter pair, using all FALSE.prob = 0.5, Log2FC_cutoff = 0.237, process_2

── 3 / 51 ──────────────────────────────────────────────────────────────────────
ℹ [2026/07/30 09:08:58] Start scPP screening.
ℹ [2026/07/30 09:08:58] Finding overall markers...
ℹ [2026/07/30 09:09:03] Screening...
ℹ [2026/07/30 09:09:03] Running fixed threshold mode with prob = 0.15
ℹ [2026/07/30 09:09:04] Computing AUC scores...
Genes in the gene sets NOT available in the dataset: 
	gene_pos: 	1760 (26% of 6684)
	gene_neg: 	3117 (44% of 7086)
✔ [2026/07/30 09:09:34] Classified 3816 Positive, 3975 Negative cells
ℹ [2026/07/30 09:09:34] Finding markers between `Positive` and `Negative` group...
✔ [2026/07/30 09:09:40] Found 2364 positive markers, 2098 negative markers
✔ [2026/07/30 09:09:40] scPP screening done.

── 4 / 51 ──────────────────────────────────────────────────────────────────────
ℹ [2026/07/30 09:09:41] Start scPP screening.
ℹ [2026/07/30 09:09:41] Finding overall markers...
ℹ [2026/07/30 09:09:46] Screening...
ℹ [2026/07/30 09:09:46] Running fixed threshold mode with prob = 0.25
ℹ [2026/07/30 09:09:46] Computing AUC scores...
Genes in the gene sets NOT available in the dataset: 
	gene_pos: 	3010 (37% of 8030)
	gene_neg: 	5029 (55% of 9117)
✔ [2026/07/30 09:10:16] Classified 6702 Positive, 7123 Negative cells
ℹ [2026/07/30 09:10:16] Finding markers between `Positive` and `Negative` group...
✔ [2026/07/30 09:10:24] Found 2321 positive markers, 1983 negative markers
✔ [2026/07/30 09:10:24] scPP screening done.

── 5 / 51 ──────────────────────────────────────────────────────────────────────
ℹ [2026/07/30 09:10:25] Start scPP screening.
ℹ [2026/07/30 09:10:25] Finding overall markers...
ℹ [2026/07/30 09:10:30] Screening...
ℹ [2026/07/30 09:10:30] Running fixed threshold mode with prob = 0.27
ℹ [2026/07/30 09:10:31] Computing AUC scores...
Genes in the gene sets NOT available in the dataset: 
	gene_pos: 	1546 (24% of 6425)
	gene_neg: 	2782 (42% of 6701)
✔ [2026/07/30 09:11:01] Classified 7223 Positive, 7772 Negative cells
ℹ [2026/07/30 09:11:01] Finding markers between `Positive` and `Negative` group...
✔ [2026/07/30 09:11:08] Found 2312 positive markers, 1946 negative markers
✔ [2026/07/30 09:11:08] scPP screening done.

── 6 / 51 ──────────────────────────────────────────────────────────────────────
ℹ [2026/07/30 09:11:10] Start scPP screening.
ℹ [2026/07/30 09:11:10] Finding overall markers...
ℹ [2026/07/30 09:11:15] Screening...
ℹ [2026/07/30 09:11:15] Running fixed threshold mode with prob = 0.23
ℹ [2026/07/30 09:11:16] Computing AUC scores...
Genes in the gene sets NOT available in the dataset: 
	gene_pos: 	1809 (27% of 6741)
	gene_neg: 	3175 (44% of 7159)
✔ [2026/07/30 09:11:45] Classified 6080 Positive, 6464 Negative cells
ℹ [2026/07/30 09:11:45] Finding markers between `Positive` and `Negative` group...
✔ [2026/07/30 09:11:53] Found 2320 positive markers, 2022 negative markers
✔ [2026/07/30 09:11:53] scPP screening done.

── 7 / 51 ──────────────────────────────────────────────────────────────────────
ℹ [2026/07/30 09:11:55] Start scPP screening.
ℹ [2026/07/30 09:11:55] Finding overall markers...
ℹ [2026/07/30 09:11:59] Screening...
ℹ [2026/07/30 09:11:59] Running fixed threshold mode with prob = 0.28
ℹ [2026/07/30 09:12:00] Computing AUC scores...
Genes in the gene sets NOT available in the dataset: 
	gene_pos: 	1552 (24% of 6433)
	gene_neg: 	2793 (42% of 6714)
✔ [2026/07/30 09:12:30] Classified 7515 Positive, 8099 Negative cells
ℹ [2026/07/30 09:12:30] Finding markers between `Positive` and `Negative` group...
✔ [2026/07/30 09:12:38] Found 2309 positive markers, 1941 negative markers
✔ [2026/07/30 09:12:38] scPP screening done.

── 8 / 51 ──────────────────────────────────────────────────────────────────────
ℹ [2026/07/30 09:12:40] Start scPP screening.
ℹ [2026/07/30 09:12:40] Finding overall markers...
ℹ [2026/07/30 09:12:44] Screening...
ℹ [2026/07/30 09:12:44] Running fixed threshold mode with prob = 0.1
ℹ [2026/07/30 09:12:45] Computing AUC scores...
Genes in the gene sets NOT available in the dataset: 
	gene_pos: 	3190 (39% of 8215)
	gene_neg: 	5320 (57% of 9410)
✔ [2026/07/30 09:13:15] Classified 2442 Positive, 2476 Negative cells
ℹ [2026/07/30 09:13:15] Finding markers between `Positive` and `Negative` group...
✔ [2026/07/30 09:13:19] Found 2362 positive markers, 2058 negative markers
✔ [2026/07/30 09:13:19] scPP screening done.

── 9 / 51 ──────────────────────────────────────────────────────────────────────
ℹ [2026/07/30 09:13:21] Start scPP screening.
ℹ [2026/07/30 09:13:21] Finding overall markers...
ℹ [2026/07/30 09:13:26] Screening...
ℹ [2026/07/30 09:13:26] Running fixed threshold mode with prob = 0.31
ℹ [2026/07/30 09:13:26] Computing AUC scores...
Genes in the gene sets NOT available in the dataset: 
	gene_pos: 	1580 (24% of 6469)
	gene_neg: 	2840 (42% of 6765)
✔ [2026/07/30 09:13:56] Classified 8457 Positive, 9022 Negative cells
ℹ [2026/07/30 09:13:56] Finding markers between `Positive` and `Negative` group...
✔ [2026/07/30 09:14:06] Found 2237 positive markers, 1884 negative markers
✔ [2026/07/30 09:14:06] scPP screening done.

── 10 / 51 ─────────────────────────────────────────────────────────────────────
ℹ [2026/07/30 09:14:08] Start scPP screening.
ℹ [2026/07/30 09:14:08] Finding overall markers...
ℹ [2026/07/30 09:14:12] Screening...
ℹ [2026/07/30 09:14:12] Running fixed threshold mode with prob = 0.23
ℹ [2026/07/30 09:14:13] Computing AUC scores...
Genes in the gene sets NOT available in the dataset: 
	gene_pos: 	3629 (42% of 8671)
	gene_neg: 	6021 (59% of 10123)
✔ [2026/07/30 09:14:44] Classified 6096 Positive, 6480 Negative cells
ℹ [2026/07/30 09:14:44] Finding markers between `Positive` and `Negative` group...
✔ [2026/07/30 09:14:51] Found 2321 positive markers, 2009 negative markers
✔ [2026/07/30 09:14:51] scPP screening done.

── 11 / 51 ─────────────────────────────────────────────────────────────────────
ℹ [2026/07/30 09:14:54] Start scPP screening.
ℹ [2026/07/30 09:14:54] Finding overall markers...
ℹ [2026/07/30 09:14:58] Screening...
ℹ [2026/07/30 09:14:58] Running fixed threshold mode with prob = 0.01
ℹ [2026/07/30 09:14:59] Computing AUC scores...
Genes in the gene sets NOT available in the dataset: 
	gene_pos: 	2063 (29% of 7029)
	gene_neg: 	3560 (47% of 7578)
✔ [2026/07/30 09:15:30] Classified 162 Positive, 213 Negative cells
ℹ [2026/07/30 09:15:30] Finding markers between `Positive` and `Negative` group...
✔ [2026/07/30 09:15:32] Found 2117 positive markers, 343 negative markers
✔ [2026/07/30 09:15:32] scPP screening done.

── 12 / 51 ─────────────────────────────────────────────────────────────────────
ℹ [2026/07/30 09:15:34] Start scPP screening.
ℹ [2026/07/30 09:15:34] Finding overall markers...
ℹ [2026/07/30 09:15:39] Screening...
ℹ [2026/07/30 09:15:39] Running fixed threshold mode with prob = 0.21
ℹ [2026/07/30 09:15:39] Computing AUC scores...
Genes in the gene sets NOT available in the dataset: 
	gene_pos: 	1582 (24% of 6471)
	gene_neg: 	2846 (42% of 6772)
✔ [2026/07/30 09:16:10] Classified 5497 Positive, 5819 Negative cells
ℹ [2026/07/30 09:16:10] Finding markers between `Positive` and `Negative` group...
✔ [2026/07/30 09:16:17] Found 2352 positive markers, 2048 negative markers
✔ [2026/07/30 09:16:17] scPP screening done.

── 13 / 51 ─────────────────────────────────────────────────────────────────────
ℹ [2026/07/30 09:16:18] Start scPP screening.
ℹ [2026/07/30 09:16:18] Finding overall markers...
ℹ [2026/07/30 09:16:23] Screening...
ℹ [2026/07/30 09:16:23] Running fixed threshold mode with prob = 0.1
ℹ [2026/07/30 09:16:23] Computing AUC scores...
Genes in the gene sets NOT available in the dataset: 
	gene_pos: 	1899 (28% of 6849)
	gene_neg: 	3334 (45% of 7337)
✔ [2026/07/30 09:16:54] Classified 2452 Positive, 2471 Negative cells
ℹ [2026/07/30 09:16:54] Finding markers between `Positive` and `Negative` group...
✔ [2026/07/30 09:16:58] Found 2372 positive markers, 2080 negative markers
✔ [2026/07/30 09:16:58] scPP screening done.

── 14 / 51 ─────────────────────────────────────────────────────────────────────
ℹ [2026/07/30 09:16:59] Start scPP screening.
ℹ [2026/07/30 09:16:59] Finding overall markers...
ℹ [2026/07/30 09:17:04] Screening...
ℹ [2026/07/30 09:17:04] Running fixed threshold mode with prob = 0.37
ℹ [2026/07/30 09:17:05] Computing AUC scores...
Genes in the gene sets NOT available in the dataset: 
	gene_pos: 	2234 (31% of 7220)
	gene_neg: 	3839 (49% of 7879)
✔ [2026/07/30 09:17:35] Classified 10316 Positive, 10814 Negative cells
ℹ [2026/07/30 09:17:35] Finding markers between `Positive` and `Negative` group...
✔ [2026/07/30 09:17:45] Found 2142 positive markers, 1752 negative markers
✔ [2026/07/30 09:17:45] scPP screening done.

── 15 / 51 ─────────────────────────────────────────────────────────────────────
ℹ [2026/07/30 09:17:47] Start scPP screening.
ℹ [2026/07/30 09:17:47] Finding overall markers...
ℹ [2026/07/30 09:17:52] Screening...
ℹ [2026/07/30 09:17:52] Running fixed threshold mode with prob = 0.38
ℹ [2026/07/30 09:17:52] Computing AUC scores...
Genes in the gene sets NOT available in the dataset: 
	gene_pos: 	2590 (34% of 7596)
	gene_neg: 	4381 (52% of 8451)
✔ [2026/07/30 09:18:24] Classified 10636 Positive, 11110 Negative cells
ℹ [2026/07/30 09:18:24] Finding markers between `Positive` and `Negative` group...
✔ [2026/07/30 09:18:34] Found 2109 positive markers, 1721 negative markers
✔ [2026/07/30 09:18:34] scPP screening done.

── 16 / 51 ─────────────────────────────────────────────────────────────────────
ℹ [2026/07/30 09:18:36] Start scPP screening.
ℹ [2026/07/30 09:18:36] Finding overall markers...
ℹ [2026/07/30 09:18:41] Screening...
ℹ [2026/07/30 09:18:41] Running fixed threshold mode with prob = 0.29
ℹ [2026/07/30 09:18:41] Computing AUC scores...
Genes in the gene sets NOT available in the dataset: 
	gene_pos: 	2710 (35% of 7720)
	gene_neg: 	4556 (53% of 8633)
✔ [2026/07/30 09:19:13] Classified 7858 Positive, 8427 Negative cells
ℹ [2026/07/30 09:19:13] Finding markers between `Positive` and `Negative` group...
✔ [2026/07/30 09:19:21] Found 2301 positive markers, 1924 negative markers
✔ [2026/07/30 09:19:21] scPP screening done.

── 17 / 51 ─────────────────────────────────────────────────────────────────────
ℹ [2026/07/30 09:19:23] Start scPP screening.
ℹ [2026/07/30 09:19:23] Finding overall markers...
ℹ [2026/07/30 09:19:28] Screening...
ℹ [2026/07/30 09:19:28] Running fixed threshold mode with prob = 0.09
ℹ [2026/07/30 09:19:29] Computing AUC scores...
Genes in the gene sets NOT available in the dataset: 
	gene_pos: 	4642 (48% of 9706)
	gene_neg: 	7785 (65% of 11904)
✔ [2026/07/30 09:20:00] Classified 2174 Positive, 2202 Negative cells
ℹ [2026/07/30 09:20:00] Finding markers between `Positive` and `Negative` group...
✔ [2026/07/30 09:20:04] Found 2338 positive markers, 2068 negative markers
✔ [2026/07/30 09:20:04] scPP screening done.

── 18 / 51 ─────────────────────────────────────────────────────────────────────
ℹ [2026/07/30 09:20:06] Start scPP screening.
ℹ [2026/07/30 09:20:06] Finding overall markers...
ℹ [2026/07/30 09:20:10] Screening...
ℹ [2026/07/30 09:20:10] Running fixed threshold mode with prob = 0.16
ℹ [2026/07/30 09:20:11] Computing AUC scores...
Genes in the gene sets NOT available in the dataset: 
	gene_pos: 	2031 (29% of 6994)
	gene_neg: 	3515 (47% of 7527)
✔ [2026/07/30 09:20:41] Classified 4101 Positive, 4288 Negative cells
ℹ [2026/07/30 09:20:41] Finding markers between `Positive` and `Negative` group...
✔ [2026/07/30 09:20:46] Found 2366 positive markers, 2101 negative markers
✔ [2026/07/30 09:20:46] scPP screening done.

── 19 / 51 ─────────────────────────────────────────────────────────────────────
ℹ [2026/07/30 09:20:48] Start scPP screening.
ℹ [2026/07/30 09:20:48] Finding overall markers...
ℹ [2026/07/30 09:20:53] Screening...
ℹ [2026/07/30 09:20:53] Running fixed threshold mode with prob = 0.31
ℹ [2026/07/30 09:20:53] Computing AUC scores...
Genes in the gene sets NOT available in the dataset: 
	gene_pos: 	1564 (24% of 6450)
	gene_neg: 	2821 (42% of 6745)
✔ [2026/07/30 09:21:24] Classified 8456 Positive, 9020 Negative cells
ℹ [2026/07/30 09:21:24] Finding markers between `Positive` and `Negative` group...
✔ [2026/07/30 09:21:34] Found 2238 positive markers, 1885 negative markers
✔ [2026/07/30 09:21:34] scPP screening done.

── 20 / 51 ─────────────────────────────────────────────────────────────────────
ℹ [2026/07/30 09:21:35] Start scPP screening.
ℹ [2026/07/30 09:21:35] Finding overall markers...
ℹ [2026/07/30 09:21:40] Screening...
ℹ [2026/07/30 09:21:40] Running fixed threshold mode with prob = 0.39
ℹ [2026/07/30 09:21:40] Computing AUC scores...
Genes in the gene sets NOT available in the dataset: 
	gene_pos: 	1967 (28% of 6921)
	gene_neg: 	3413 (46% of 7420)
✔ [2026/07/30 09:22:11] Classified 10970 Positive, 11404 Negative cells
ℹ [2026/07/30 09:22:11] Finding markers between `Positive` and `Negative` group...
✔ [2026/07/30 09:22:21] Found 2085 positive markers, 1712 negative markers
✔ [2026/07/30 09:22:21] scPP screening done.

── 21 / 51 ─────────────────────────────────────────────────────────────────────
ℹ [2026/07/30 09:22:24] Start scPP screening.
ℹ [2026/07/30 09:22:24] Finding overall markers...
ℹ [2026/07/30 09:22:28] Screening...
ℹ [2026/07/30 09:22:28] Running fixed threshold mode with prob = 0.38
ℹ [2026/07/30 09:22:29] Computing AUC scores...
Genes in the gene sets NOT available in the dataset: 
	gene_pos: 	2227 (31% of 7212)
	gene_neg: 	3823 (49% of 7863)
✔ [2026/07/30 09:23:00] Classified 10645 Positive, 11111 Negative cells
ℹ [2026/07/30 09:23:00] Finding markers between `Positive` and `Negative` group...
✔ [2026/07/30 09:23:10] Found 2107 positive markers, 1733 negative markers
✔ [2026/07/30 09:23:10] scPP screening done.

── 22 / 51 ─────────────────────────────────────────────────────────────────────
ℹ [2026/07/30 09:23:12] Start scPP screening.
ℹ [2026/07/30 09:23:12] Finding overall markers...
ℹ [2026/07/30 09:23:16] Screening...
ℹ [2026/07/30 09:23:16] Running fixed threshold mode with prob = 0.37
ℹ [2026/07/30 09:23:17] Computing AUC scores...
Genes in the gene sets NOT available in the dataset: 
	gene_pos: 	3625 (42% of 8667)
	gene_neg: 	6008 (59% of 10110)
✔ [2026/07/30 09:23:48] Classified 10346 Positive, 10833 Negative cells
ℹ [2026/07/30 09:23:48] Finding markers between `Positive` and `Negative` group...
✔ [2026/07/30 09:23:59] Found 2131 positive markers, 1745 negative markers
✔ [2026/07/30 09:23:59] scPP screening done.

── 23 / 51 ─────────────────────────────────────────────────────────────────────
ℹ [2026/07/30 09:24:01] Start scPP screening.
ℹ [2026/07/30 09:24:01] Finding overall markers...
ℹ [2026/07/30 09:24:05] Screening...
ℹ [2026/07/30 09:24:05] Running fixed threshold mode with prob = 0.29
ℹ [2026/07/30 09:24:06] Computing AUC scores...
Genes in the gene sets NOT available in the dataset: 
	gene_pos: 	1664 (25% of 6567)
	gene_neg: 	2993 (43% of 6942)
✔ [2026/07/30 09:24:36] Classified 7845 Positive, 8408 Negative cells
ℹ [2026/07/30 09:24:36] Finding markers between `Positive` and `Negative` group...
✔ [2026/07/30 09:24:45] Found 2291 positive markers, 1924 negative markers
✔ [2026/07/30 09:24:45] scPP screening done.

── 24 / 51 ─────────────────────────────────────────────────────────────────────
ℹ [2026/07/30 09:24:47] Start scPP screening.
ℹ [2026/07/30 09:24:47] Finding overall markers...
ℹ [2026/07/30 09:24:51] Screening...
! scPP result is not complete, maybe not suitable for this parameter pair, using all FALSE.prob = 0, Log2FC_cutoff = 0.514, process_24

── 25 / 51 ─────────────────────────────────────────────────────────────────────
ℹ [2026/07/30 09:24:51] Start scPP screening.
ℹ [2026/07/30 09:24:51] Finding overall markers...
ℹ [2026/07/30 09:24:57] Screening...
ℹ [2026/07/30 09:24:57] Running fixed threshold mode with prob = 0.11
ℹ [2026/07/30 09:24:58] Computing AUC scores...
Genes in the gene sets NOT available in the dataset: 
	gene_pos: 	5292 (51% of 10367)
	gene_neg: 	9233 (69% of 13359)
✔ [2026/07/30 09:25:28] Classified 2726 Positive, 2768 Negative cells
ℹ [2026/07/30 09:25:28] Finding markers between `Positive` and `Negative` group...
✔ [2026/07/30 09:25:32] Found 2360 positive markers, 2108 negative markers
✔ [2026/07/30 09:25:32] scPP screening done.

── 26 / 51 ─────────────────────────────────────────────────────────────────────
ℹ [2026/07/30 09:25:34] Start scPP screening.
ℹ [2026/07/30 09:25:34] Finding overall markers...
ℹ [2026/07/30 09:25:38] Screening...
ℹ [2026/07/30 09:25:38] Running fixed threshold mode with prob = 0.19
ℹ [2026/07/30 09:25:39] Computing AUC scores...
Genes in the gene sets NOT available in the dataset: 
	gene_pos: 	5101 (50% of 10174)
	gene_neg: 	8746 (68% of 12869)
✔ [2026/07/30 09:26:10] Classified 4968 Positive, 5212 Negative cells
ℹ [2026/07/30 09:26:10] Finding markers between `Positive` and `Negative` group...
✔ [2026/07/30 09:26:17] Found 2344 positive markers, 2114 negative markers
✔ [2026/07/30 09:26:17] scPP screening done.

── 27 / 51 ─────────────────────────────────────────────────────────────────────
ℹ [2026/07/30 09:26:19] Start scPP screening.
ℹ [2026/07/30 09:26:19] Finding overall markers...
ℹ [2026/07/30 09:26:23] Screening...
ℹ [2026/07/30 09:26:23] Running fixed threshold mode with prob = 0.07
ℹ [2026/07/30 09:26:24] Computing AUC scores...
Genes in the gene sets NOT available in the dataset: 
	gene_pos: 	3651 (42% of 8694)
	gene_neg: 	6056 (60% of 10158)
✔ [2026/07/30 09:26:54] Classified 1660 Positive, 1673 Negative cells
ℹ [2026/07/30 09:26:54] Finding markers between `Positive` and `Negative` group...
✔ [2026/07/30 09:26:57] Found 2338 positive markers, 1947 negative markers
✔ [2026/07/30 09:26:58] scPP screening done.

── 28 / 51 ─────────────────────────────────────────────────────────────────────
ℹ [2026/07/30 09:26:59] Start scPP screening.
ℹ [2026/07/30 09:26:59] Finding overall markers...
ℹ [2026/07/30 09:27:04] Screening...
ℹ [2026/07/30 09:27:04] Running fixed threshold mode with prob = 0.11
ℹ [2026/07/30 09:27:05] Computing AUC scores...
Genes in the gene sets NOT available in the dataset: 
	gene_pos: 	2826 (36% of 7842)
	gene_neg: 	4725 (54% of 8807)
✔ [2026/07/30 09:27:35] Classified 2719 Positive, 2771 Negative cells
ℹ [2026/07/30 09:27:35] Finding markers between `Positive` and `Negative` group...
✔ [2026/07/30 09:27:38] Found 2362 positive markers, 2085 negative markers
✔ [2026/07/30 09:27:39] scPP screening done.

── 29 / 51 ─────────────────────────────────────────────────────────────────────
ℹ [2026/07/30 09:27:40] Start scPP screening.
ℹ [2026/07/30 09:27:40] Finding overall markers...
ℹ [2026/07/30 09:27:45] Screening...
ℹ [2026/07/30 09:27:45] Running fixed threshold mode with prob = 0.02
ℹ [2026/07/30 09:27:46] Computing AUC scores...
Genes in the gene sets NOT available in the dataset: 
	gene_pos: 	1707 (26% of 6621)
	gene_neg: 	3059 (44% of 7017)
✔ [2026/07/30 09:28:16] Classified 400 Positive, 424 Negative cells
ℹ [2026/07/30 09:28:16] Finding markers between `Positive` and `Negative` group...
✔ [2026/07/30 09:28:18] Found 2265 positive markers, 769 negative markers
✔ [2026/07/30 09:28:18] scPP screening done.

── 30 / 51 ─────────────────────────────────────────────────────────────────────
ℹ [2026/07/30 09:28:20] Start scPP screening.
ℹ [2026/07/30 09:28:20] Finding overall markers...
ℹ [2026/07/30 09:28:25] Screening...
ℹ [2026/07/30 09:28:25] Running fixed threshold mode with prob = 0.08
ℹ [2026/07/30 09:28:26] Computing AUC scores...
Genes in the gene sets NOT available in the dataset: 
	gene_pos: 	2242 (31% of 7228)
	gene_neg: 	3847 (49% of 7888)
✔ [2026/07/30 09:29:02] Classified 1911 Positive, 1918 Negative cells
ℹ [2026/07/30 09:29:02] Finding markers between `Positive` and `Negative` group...
✔ [2026/07/30 09:29:05] Found 2353 positive markers, 1963 negative markers
✔ [2026/07/30 09:29:05] scPP screening done.

── 31 / 51 ─────────────────────────────────────────────────────────────────────
ℹ [2026/07/30 09:29:07] Start scPP screening.
ℹ [2026/07/30 09:29:07] Finding overall markers...
ℹ [2026/07/30 09:29:13] Screening...
ℹ [2026/07/30 09:29:13] Running fixed threshold mode with prob = 0.13
ℹ [2026/07/30 09:29:14] Computing AUC scores...
Genes in the gene sets NOT available in the dataset: 
	gene_pos: 	1741 (26% of 6662)
	gene_neg: 	3093 (44% of 7060)
✔ [2026/07/30 09:29:47] Classified 3263 Positive, 3361 Negative cells
ℹ [2026/07/30 09:29:47] Finding markers between `Positive` and `Negative` group...
✔ [2026/07/30 09:29:52] Found 2372 positive markers, 2097 negative markers
✔ [2026/07/30 09:29:52] scPP screening done.

── 32 / 51 ─────────────────────────────────────────────────────────────────────
ℹ [2026/07/30 09:29:54] Start scPP screening.
ℹ [2026/07/30 09:29:54] Finding overall markers...
ℹ [2026/07/30 09:29:58] Screening...
ℹ [2026/07/30 09:29:58] Running fixed threshold mode with prob = 0.12
ℹ [2026/07/30 09:29:59] Computing AUC scores...
Genes in the gene sets NOT available in the dataset: 
	gene_pos: 	4441 (47% of 9500)
	gene_neg: 	7460 (64% of 11577)
✔ [2026/07/30 09:30:33] Classified 3007 Positive, 3076 Negative cells
ℹ [2026/07/30 09:30:33] Finding markers between `Positive` and `Negative` group...
✔ [2026/07/30 09:30:37] Found 2352 positive markers, 2094 negative markers
✔ [2026/07/30 09:30:37] scPP screening done.

── 33 / 51 ─────────────────────────────────────────────────────────────────────
ℹ [2026/07/30 09:30:39] Start scPP screening.
ℹ [2026/07/30 09:30:39] Finding overall markers...
ℹ [2026/07/30 09:30:44] Screening...
ℹ [2026/07/30 09:30:44] Running fixed threshold mode with prob = 0.19
ℹ [2026/07/30 09:30:45] Computing AUC scores...
Genes in the gene sets NOT available in the dataset: 
	gene_pos: 	1608 (25% of 6501)
	gene_neg: 	2872 (42% of 6801)
✔ [2026/07/30 09:31:16] Classified 4923 Positive, 5175 Negative cells
ℹ [2026/07/30 09:31:16] Finding markers between `Positive` and `Negative` group...
✔ [2026/07/30 09:31:22] Found 2351 positive markers, 2083 negative markers
✔ [2026/07/30 09:31:22] scPP screening done.

── 34 / 51 ─────────────────────────────────────────────────────────────────────
ℹ [2026/07/30 09:31:24] Start scPP screening.
ℹ [2026/07/30 09:31:24] Finding overall markers...
ℹ [2026/07/30 09:31:29] Screening...
ℹ [2026/07/30 09:31:29] Running fixed threshold mode with prob = 0.41
ℹ [2026/07/30 09:31:29] Computing AUC scores...
Genes in the gene sets NOT available in the dataset: 
	gene_pos: 	1736 (26% of 6655)
	gene_neg: 	3085 (44% of 7050)
✔ [2026/07/30 09:32:01] Classified 11605 Positive, 11963 Negative cells
ℹ [2026/07/30 09:32:01] Finding markers between `Positive` and `Negative` group...
✔ [2026/07/30 09:32:12] Found 2015 positive markers, 1684 negative markers
✔ [2026/07/30 09:32:12] scPP screening done.

── 35 / 51 ─────────────────────────────────────────────────────────────────────
ℹ [2026/07/30 09:32:14] Start scPP screening.
ℹ [2026/07/30 09:32:14] Finding overall markers...
ℹ [2026/07/30 09:32:19] Screening...
ℹ [2026/07/30 09:32:19] Running fixed threshold mode with prob = 0.15
ℹ [2026/07/30 09:32:19] Computing AUC scores...
Genes in the gene sets NOT available in the dataset: 
	gene_pos: 	4212 (45% of 9266)
	gene_neg: 	7076 (63% of 11191)
✔ [2026/07/30 09:32:50] Classified 3844 Positive, 3995 Negative cells
ℹ [2026/07/30 09:32:50] Finding markers between `Positive` and `Negative` group...
✔ [2026/07/30 09:32:55] Found 2360 positive markers, 2106 negative markers
✔ [2026/07/30 09:32:55] scPP screening done.

── 36 / 51 ─────────────────────────────────────────────────────────────────────
ℹ [2026/07/30 09:32:57] Start scPP screening.
ℹ [2026/07/30 09:32:57] Finding overall markers...
ℹ [2026/07/30 09:33:02] Screening...
ℹ [2026/07/30 09:33:02] Running fixed threshold mode with prob = 0.15
ℹ [2026/07/30 09:33:02] Computing AUC scores...
Genes in the gene sets NOT available in the dataset: 
	gene_pos: 	2061 (29% of 7027)
	gene_neg: 	3558 (47% of 7575)
✔ [2026/07/30 09:33:34] Classified 3819 Positive, 3975 Negative cells
ℹ [2026/07/30 09:33:34] Finding markers between `Positive` and `Negative` group...
✔ [2026/07/30 09:33:38] Found 2363 positive markers, 2110 negative markers
✔ [2026/07/30 09:33:38] scPP screening done.

── 37 / 51 ─────────────────────────────────────────────────────────────────────
ℹ [2026/07/30 09:33:40] Start scPP screening.
ℹ [2026/07/30 09:33:40] Finding overall markers...
ℹ [2026/07/30 09:33:45] Screening...
ℹ [2026/07/30 09:33:45] Running fixed threshold mode with prob = 0.31
ℹ [2026/07/30 09:33:45] Computing AUC scores...
Genes in the gene sets NOT available in the dataset: 
	gene_pos: 	1866 (27% of 6806)
	gene_neg: 	3263 (45% of 7261)
✔ [2026/07/30 09:34:15] Classified 8488 Positive, 9035 Negative cells
ℹ [2026/07/30 09:34:15] Finding markers between `Positive` and `Negative` group...
✔ [2026/07/30 09:34:24] Found 2250 positive markers, 1882 negative markers
✔ [2026/07/30 09:34:24] scPP screening done.

── 38 / 51 ─────────────────────────────────────────────────────────────────────
ℹ [2026/07/30 09:34:26] Start scPP screening.
ℹ [2026/07/30 09:34:26] Finding overall markers...
ℹ [2026/07/30 09:34:30] Screening...
ℹ [2026/07/30 09:34:30] Running fixed threshold mode with prob = 0.33
ℹ [2026/07/30 09:34:31] Computing AUC scores...
Genes in the gene sets NOT available in the dataset: 
	gene_pos: 	2218 (31% of 7203)
	gene_neg: 	3816 (49% of 7856)
✔ [2026/07/30 09:35:02] Classified 9095 Positive, 9651 Negative cells
ℹ [2026/07/30 09:35:02] Finding markers between `Positive` and `Negative` group...
✔ [2026/07/30 09:35:11] Found 2230 positive markers, 1854 negative markers
✔ [2026/07/30 09:35:11] scPP screening done.

── 39 / 51 ─────────────────────────────────────────────────────────────────────
ℹ [2026/07/30 09:35:13] Start scPP screening.
ℹ [2026/07/30 09:35:13] Finding overall markers...
ℹ [2026/07/30 09:35:18] Screening...
ℹ [2026/07/30 09:35:18] Running fixed threshold mode with prob = 0.4
ℹ [2026/07/30 09:35:18] Computing AUC scores...
Genes in the gene sets NOT available in the dataset: 
	gene_pos: 	1856 (27% of 6794)
	gene_neg: 	3253 (45% of 7248)
✔ [2026/07/30 09:35:49] Classified 11297 Positive, 11678 Negative cells
ℹ [2026/07/30 09:35:49] Finding markers between `Positive` and `Negative` group...
✔ [2026/07/30 09:36:01] Found 2037 positive markers, 1699 negative markers
✔ [2026/07/30 09:36:01] scPP screening done.

── 40 / 51 ─────────────────────────────────────────────────────────────────────
ℹ [2026/07/30 09:36:02] Start scPP screening.
ℹ [2026/07/30 09:36:02] Finding overall markers...
ℹ [2026/07/30 09:36:07] Screening...
ℹ [2026/07/30 09:36:07] Running fixed threshold mode with prob = 0.31
ℹ [2026/07/30 09:36:08] Computing AUC scores...
Genes in the gene sets NOT available in the dataset: 
	gene_pos: 	1813 (27% of 6746)
	gene_neg: 	3189 (44% of 7180)
✔ [2026/07/30 09:36:38] Classified 8492 Positive, 9035 Negative cells
ℹ [2026/07/30 09:36:38] Finding markers between `Positive` and `Negative` group...
✔ [2026/07/30 09:36:46] Found 2253 positive markers, 1887 negative markers
✔ [2026/07/30 09:36:47] scPP screening done.

── 41 / 51 ─────────────────────────────────────────────────────────────────────
ℹ [2026/07/30 09:36:49] Start scPP screening.
ℹ [2026/07/30 09:36:49] Finding overall markers...
ℹ [2026/07/30 09:36:53] Screening...
ℹ [2026/07/30 09:36:53] Running fixed threshold mode with prob = 0.24
ℹ [2026/07/30 09:36:54] Computing AUC scores...
Genes in the gene sets NOT available in the dataset: 
	gene_pos: 	4045 (44% of 9094)
	gene_neg: 	6777 (62% of 10889)
✔ [2026/07/30 09:37:25] Classified 6412 Positive, 6827 Negative cells
ℹ [2026/07/30 09:37:25] Finding markers between `Positive` and `Negative` group...
✔ [2026/07/30 09:37:32] Found 2316 positive markers, 1998 negative markers
✔ [2026/07/30 09:37:32] scPP screening done.

── 42 / 51 ─────────────────────────────────────────────────────────────────────
ℹ [2026/07/30 09:37:34] Start scPP screening.
ℹ [2026/07/30 09:37:34] Finding overall markers...
ℹ [2026/07/30 09:37:38] Screening...
ℹ [2026/07/30 09:37:38] Running fixed threshold mode with prob = 0.35
ℹ [2026/07/30 09:37:39] Computing AUC scores...
Genes in the gene sets NOT available in the dataset: 
	gene_pos: 	2534 (34% of 7540)
	gene_neg: 	4271 (51% of 8337)
✔ [2026/07/30 09:38:11] Classified 9693 Positive, 10253 Negative cells
ℹ [2026/07/30 09:38:11] Finding markers between `Positive` and `Negative` group...
✔ [2026/07/30 09:38:21] Found 2186 positive markers, 1805 negative markers
✔ [2026/07/30 09:38:21] scPP screening done.

── 43 / 51 ─────────────────────────────────────────────────────────────────────
ℹ [2026/07/30 09:38:23] Start scPP screening.
ℹ [2026/07/30 09:38:23] Finding overall markers...
ℹ [2026/07/30 09:38:28] Screening...
ℹ [2026/07/30 09:38:28] Running fixed threshold mode with prob = 0.39
ℹ [2026/07/30 09:38:28] Computing AUC scores...
Genes in the gene sets NOT available in the dataset: 
	gene_pos: 	2864 (36% of 7880)
	gene_neg: 	4787 (54% of 8871)
✔ [2026/07/30 09:38:59] Classified 10981 Positive, 11408 Negative cells
ℹ [2026/07/30 09:39:00] Finding markers between `Positive` and `Negative` group...
✔ [2026/07/30 09:39:10] Found 2079 positive markers, 1708 negative markers
✔ [2026/07/30 09:39:10] scPP screening done.

── 44 / 51 ─────────────────────────────────────────────────────────────────────
ℹ [2026/07/30 09:39:12] Start scPP screening.
ℹ [2026/07/30 09:39:12] Finding overall markers...
ℹ [2026/07/30 09:39:17] Screening...
ℹ [2026/07/30 09:39:17] Running fixed threshold mode with prob = 0.1
ℹ [2026/07/30 09:39:17] Computing AUC scores...
Genes in the gene sets NOT available in the dataset: 
	gene_pos: 	2033 (29% of 6997)
	gene_neg: 	3516 (47% of 7528)
✔ [2026/07/30 09:39:48] Classified 2450 Positive, 2472 Negative cells
ℹ [2026/07/30 09:39:48] Finding markers between `Positive` and `Negative` group...
✔ [2026/07/30 09:39:52] Found 2374 positive markers, 2078 negative markers
✔ [2026/07/30 09:39:52] scPP screening done.

── 45 / 51 ─────────────────────────────────────────────────────────────────────
ℹ [2026/07/30 09:39:54] Start scPP screening.
ℹ [2026/07/30 09:39:54] Finding overall markers...
ℹ [2026/07/30 09:39:59] Screening...
ℹ [2026/07/30 09:39:59] Running fixed threshold mode with prob = 0.37
ℹ [2026/07/30 09:40:00] Computing AUC scores...
Genes in the gene sets NOT available in the dataset: 
	gene_pos: 	1556 (24% of 6439)
	gene_neg: 	2804 (42% of 6725)
✔ [2026/07/30 09:40:31] Classified 10296 Positive, 10778 Negative cells
ℹ [2026/07/30 09:40:31] Finding markers between `Positive` and `Negative` group...
✔ [2026/07/30 09:40:41] Found 2150 positive markers, 1757 negative markers
✔ [2026/07/30 09:40:41] scPP screening done.

── 46 / 51 ─────────────────────────────────────────────────────────────────────
ℹ [2026/07/30 09:40:43] Start scPP screening.
ℹ [2026/07/30 09:40:43] Finding overall markers...
ℹ [2026/07/30 09:40:48] Screening...
ℹ [2026/07/30 09:40:48] Running fixed threshold mode with prob = 0.08
ℹ [2026/07/30 09:40:48] Computing AUC scores...
Genes in the gene sets NOT available in the dataset: 
	gene_pos: 	2033 (29% of 6997)
	gene_neg: 	3516 (47% of 7528)
✔ [2026/07/30 09:41:20] Classified 1907 Positive, 1919 Negative cells
ℹ [2026/07/30 09:41:20] Finding markers between `Positive` and `Negative` group...
✔ [2026/07/30 09:41:23] Found 2347 positive markers, 1953 negative markers
✔ [2026/07/30 09:41:23] scPP screening done.

── 47 / 51 ─────────────────────────────────────────────────────────────────────
ℹ [2026/07/30 09:41:25] Start scPP screening.
ℹ [2026/07/30 09:41:25] Finding overall markers...
ℹ [2026/07/30 09:41:30] Screening...
ℹ [2026/07/30 09:41:30] Running fixed threshold mode with prob = 0.04
ℹ [2026/07/30 09:41:30] Computing AUC scores...
Genes in the gene sets NOT available in the dataset: 
	gene_pos: 	2204 (31% of 7185)
	gene_neg: 	3792 (48% of 7830)
✔ [2026/07/30 09:42:01] Classified 891 Positive, 895 Negative cells
ℹ [2026/07/30 09:42:01] Finding markers between `Positive` and `Negative` group...
✔ [2026/07/30 09:42:03] Found 2312 positive markers, 1450 negative markers
✔ [2026/07/30 09:42:03] scPP screening done.

── 48 / 51 ─────────────────────────────────────────────────────────────────────
ℹ [2026/07/30 09:42:05] Start scPP screening.
ℹ [2026/07/30 09:42:05] Finding overall markers...
ℹ [2026/07/30 09:42:09] Screening...
ℹ [2026/07/30 09:42:09] Running fixed threshold mode with prob = 0.14
ℹ [2026/07/30 09:42:10] Computing AUC scores...
Genes in the gene sets NOT available in the dataset: 
	gene_pos: 	1630 (25% of 6527)
	gene_neg: 	2924 (43% of 6862)
✔ [2026/07/30 09:42:41] Classified 3524 Positive, 3665 Negative cells
ℹ [2026/07/30 09:42:41] Finding markers between `Positive` and `Negative` group...
✔ [2026/07/30 09:42:46] Found 2368 positive markers, 2092 negative markers
✔ [2026/07/30 09:42:46] scPP screening done.

── 49 / 51 ─────────────────────────────────────────────────────────────────────
ℹ [2026/07/30 09:42:48] Start scPP screening.
ℹ [2026/07/30 09:42:48] Finding overall markers...
ℹ [2026/07/30 09:42:53] Screening...
ℹ [2026/07/30 09:42:53] Running fixed threshold mode with prob = 0.18
ℹ [2026/07/30 09:42:54] Computing AUC scores...
Genes in the gene sets NOT available in the dataset: 
	gene_pos: 	1998 (29% of 6956)
	gene_neg: 	3459 (46% of 7467)
✔ [2026/07/30 09:43:25] Classified 4675 Positive, 4884 Negative cells
ℹ [2026/07/30 09:43:25] Finding markers between `Positive` and `Negative` group...
✔ [2026/07/30 09:43:31] Found 2352 positive markers, 2099 negative markers
✔ [2026/07/30 09:43:31] scPP screening done.

── 50 / 51 ─────────────────────────────────────────────────────────────────────
ℹ [2026/07/30 09:43:33] Start scPP screening.
ℹ [2026/07/30 09:43:33] Finding overall markers...
ℹ [2026/07/30 09:43:38] Screening...
ℹ [2026/07/30 09:43:38] Running fixed threshold mode with prob = 0.16
ℹ [2026/07/30 09:43:39] Computing AUC scores...
Genes in the gene sets NOT available in the dataset: 
	gene_pos: 	1670 (25% of 6573)
	gene_neg: 	2997 (43% of 6948)
✔ [2026/07/30 09:44:13] Classified 4078 Positive, 4274 Negative cells
ℹ [2026/07/30 09:44:13] Finding markers between `Positive` and `Negative` group...
✔ [2026/07/30 09:44:19] Found 2362 positive markers, 2115 negative markers
✔ [2026/07/30 09:44:19] scPP screening done.

── 51 / 51 ─────────────────────────────────────────────────────────────────────
ℹ [2026/07/30 09:44:21] Start scPP screening.
ℹ [2026/07/30 09:44:21] Finding overall markers...
ℹ [2026/07/30 09:44:25] Screening...
ℹ [2026/07/30 09:44:25] Running fixed threshold mode with prob = 0.2
ℹ [2026/07/30 09:44:26] Computing AUC scores...
Genes in the gene sets NOT available in the dataset: 
	gene_pos: 	2093 (30% of 7061)
	gene_neg: 	3592 (47% of 7612)
✔ [2026/07/30 09:44:58] Classified 5229 Positive, 5530 Negative cells
ℹ [2026/07/30 09:44:58] Finding markers between `Positive` and `Negative` group...
✔ [2026/07/30 09:45:05] Found 2357 positive markers, 2069 negative markers
✔ [2026/07/30 09:45:05] scPP screening done.
            used   (Mb) gc trigger    (Mb)   max used    (Mb)
Ncells  10339577  552.2   19915886  1063.7   19915886  1063.7
Vcells 499135737 3808.2 1481581824 11303.6 1481581824 11303.6
✔ (1) scpp random search completed.
